(
    show_hierarchy: None,
    show_menu: None,
    show_ticks: None,
    show_toolbar: None,
    show_tooltip: None,
    show_scope_tooltip: None,
    show_default_timeline: None,
    show_overview: None,
    show_statusbar: None,
    align_names_right: None,
    show_variable_indices: None,
    show_variable_direction: None,
    show_empty_scopes: None,
    show_parameters_in_scopes: None,
    parameter_display_location: None,
    highlight_focused: None,
    fill_high_values: None,
    primary_button_drag_behavior: None,
    arrow_key_bindings: None,
    clock_highlight_type: None,
    hierarchy_style: None,
    autoload_sibling_state_files: None,
    autoreload_files: Some(Always),
    waves: Some((
        source: File("cpl_engine_sim_wrapper.fst"),
        format: Fst,
        active_scope: Some(WaveScope((
            strs: [
                "cpl_engine_sim_wrapper",
                "cqe_processor_i",
            ],
            id: Wellen((14396)),
        ))),
        items_tree: (
            items: [
                (
                    item_ref: (359),
                    level: 0,
                    unfolded: true,
                    selected: false,
                ),
                (
                    item_ref: (401),
                    level: 0,
                    unfolded: true,
                    selected: false,
                ),
                (
                    item_ref: (409),
                    level: 0,
                    unfolded: true,
                    selected: false,
                ),
                (
                    item_ref: (384),
                    level: 0,
                    unfolded: true,
                    selected: false,
                ),
                (
                    item_ref: (388),
                    level: 0,
                    unfolded: true,
                    selected: false,
                ),
                (
                    item_ref: (389),
                    level: 0,
                    unfolded: true,
                    selected: false,
                ),
                (
                    item_ref: (386),
                    level: 0,
                    unfolded: true,
                    selected: false,
                ),
                (
                    item_ref: (390),
                    level: 0,
                    unfolded: true,
                    selected: false,
                ),
                (
                    item_ref: (387),
                    level: 0,
                    unfolded: true,
                    selected: false,
                ),
                (
                    item_ref: (391),
                    level: 0,
                    unfolded: true,
                    selected: false,
                ),
                (
                    item_ref: (385),
                    level: 0,
                    unfolded: true,
                    selected: false,
                ),
                (
                    item_ref: (413),
                    level: 0,
                    unfolded: true,
                    selected: false,
                ),
                (
                    item_ref: (376),
                    level: 0,
                    unfolded: true,
                    selected: false,
                ),
                (
                    item_ref: (380),
                    level: 0,
                    unfolded: true,
                    selected: false,
                ),
                (
                    item_ref: (381),
                    level: 0,
                    unfolded: true,
                    selected: false,
                ),
                (
                    item_ref: (378),
                    level: 0,
                    unfolded: true,
                    selected: false,
                ),
                (
                    item_ref: (382),
                    level: 0,
                    unfolded: true,
                    selected: false,
                ),
                (
                    item_ref: (379),
                    level: 0,
                    unfolded: true,
                    selected: false,
                ),
                (
                    item_ref: (383),
                    level: 0,
                    unfolded: true,
                    selected: false,
                ),
                (
                    item_ref: (377),
                    level: 0,
                    unfolded: true,
                    selected: false,
                ),
                (
                    item_ref: (425),
                    level: 0,
                    unfolded: true,
                    selected: false,
                ),
                (
                    item_ref: (362),
                    level: 1,
                    unfolded: true,
                    selected: false,
                ),
                (
                    item_ref: (403),
                    level: 1,
                    unfolded: true,
                    selected: false,
                ),
                (
                    item_ref: (404),
                    level: 1,
                    unfolded: true,
                    selected: false,
                ),
                (
                    item_ref: (402),
                    level: 1,
                    unfolded: true,
                    selected: false,
                ),
                (
                    item_ref: (405),
                    level: 1,
                    unfolded: true,
                    selected: false,
                ),
                (
                    item_ref: (414),
                    level: 1,
                    unfolded: true,
                    selected: false,
                ),
                (
                    item_ref: (355),
                    level: 1,
                    unfolded: true,
                    selected: false,
                ),
                (
                    item_ref: (354),
                    level: 1,
                    unfolded: true,
                    selected: false,
                ),
                (
                    item_ref: (358),
                    level: 1,
                    unfolded: true,
                    selected: false,
                ),
                (
                    item_ref: (356),
                    level: 1,
                    unfolded: true,
                    selected: false,
                ),
                (
                    item_ref: (357),
                    level: 1,
                    unfolded: true,
                    selected: false,
                ),
                (
                    item_ref: (410),
                    level: 1,
                    unfolded: true,
                    selected: false,
                ),
                (
                    item_ref: (369),
                    level: 1,
                    unfolded: true,
                    selected: false,
                ),
                (
                    item_ref: (370),
                    level: 1,
                    unfolded: true,
                    selected: false,
                ),
                (
                    item_ref: (371),
                    level: 1,
                    unfolded: true,
                    selected: false,
                ),
                (
                    item_ref: (372),
                    level: 1,
                    unfolded: true,
                    selected: false,
                ),
                (
                    item_ref: (373),
                    level: 1,
                    unfolded: true,
                    selected: false,
                ),
                (
                    item_ref: (374),
                    level: 1,
                    unfolded: true,
                    selected: false,
                ),
                (
                    item_ref: (375),
                    level: 1,
                    unfolded: true,
                    selected: false,
                ),
                (
                    item_ref: (411),
                    level: 1,
                    unfolded: true,
                    selected: false,
                ),
                (
                    item_ref: (360),
                    level: 1,
                    unfolded: true,
                    selected: false,
                ),
                (
                    item_ref: (361),
                    level: 1,
                    unfolded: true,
                    selected: false,
                ),
                (
                    item_ref: (418),
                    level: 1,
                    unfolded: true,
                    selected: false,
                ),
                (
                    item_ref: (416),
                    level: 1,
                    unfolded: true,
                    selected: false,
                ),
                (
                    item_ref: (422),
                    level: 1,
                    unfolded: true,
                    selected: false,
                ),
                (
                    item_ref: (420),
                    level: 1,
                    unfolded: true,
                    selected: false,
                ),
                (
                    item_ref: (419),
                    level: 1,
                    unfolded: true,
                    selected: false,
                ),
                (
                    item_ref: (417),
                    level: 1,
                    unfolded: true,
                    selected: false,
                ),
                (
                    item_ref: (423),
                    level: 1,
                    unfolded: true,
                    selected: false,
                ),
                (
                    item_ref: (421),
                    level: 1,
                    unfolded: true,
                    selected: false,
                ),
                (
                    item_ref: (394),
                    level: 1,
                    unfolded: true,
                    selected: false,
                ),
                (
                    item_ref: (393),
                    level: 1,
                    unfolded: true,
                    selected: false,
                ),
                (
                    item_ref: (392),
                    level: 1,
                    unfolded: true,
                    selected: false,
                ),
                (
                    item_ref: (415),
                    level: 1,
                    unfolded: true,
                    selected: false,
                ),
                (
                    item_ref: (395),
                    level: 1,
                    unfolded: true,
                    selected: false,
                ),
                (
                    item_ref: (396),
                    level: 1,
                    unfolded: true,
                    selected: false,
                ),
                (
                    item_ref: (368),
                    level: 1,
                    unfolded: true,
                    selected: false,
                ),
                (
                    item_ref: (397),
                    level: 1,
                    unfolded: true,
                    selected: false,
                ),
                (
                    item_ref: (398),
                    level: 1,
                    unfolded: true,
                    selected: false,
                ),
                (
                    item_ref: (399),
                    level: 1,
                    unfolded: true,
                    selected: false,
                ),
                (
                    item_ref: (400),
                    level: 1,
                    unfolded: true,
                    selected: false,
                ),
                (
                    item_ref: (406),
                    level: 1,
                    unfolded: true,
                    selected: false,
                ),
                (
                    item_ref: (407),
                    level: 1,
                    unfolded: true,
                    selected: false,
                ),
                (
                    item_ref: (427),
                    level: 0,
                    unfolded: false,
                    selected: false,
                ),
                (
                    item_ref: (428),
                    level: 1,
                    unfolded: true,
                    selected: false,
                ),
                (
                    item_ref: (441),
                    level: 1,
                    unfolded: true,
                    selected: false,
                ),
                (
                    item_ref: (445),
                    level: 1,
                    unfolded: true,
                    selected: false,
                ),
                (
                    item_ref: (437),
                    level: 1,
                    unfolded: true,
                    selected: false,
                ),
                (
                    item_ref: (442),
                    level: 1,
                    unfolded: true,
                    selected: false,
                ),
                (
                    item_ref: (431),
                    level: 1,
                    unfolded: true,
                    selected: false,
                ),
                (
                    item_ref: (438),
                    level: 1,
                    unfolded: true,
                    selected: false,
                ),
                (
                    item_ref: (443),
                    level: 1,
                    unfolded: true,
                    selected: false,
                ),
                (
                    item_ref: (444),
                    level: 1,
                    unfolded: true,
                    selected: false,
                ),
                (
                    item_ref: (436),
                    level: 1,
                    unfolded: true,
                    selected: false,
                ),
                (
                    item_ref: (432),
                    level: 1,
                    unfolded: true,
                    selected: false,
                ),
                (
                    item_ref: (433),
                    level: 1,
                    unfolded: true,
                    selected: false,
                ),
                (
                    item_ref: (434),
                    level: 1,
                    unfolded: true,
                    selected: false,
                ),
                (
                    item_ref: (435),
                    level: 1,
                    unfolded: true,
                    selected: false,
                ),
                (
                    item_ref: (446),
                    level: 1,
                    unfolded: true,
                    selected: false,
                ),
                (
                    item_ref: (430),
                    level: 1,
                    unfolded: true,
                    selected: false,
                ),
                (
                    item_ref: (429),
                    level: 1,
                    unfolded: true,
                    selected: false,
                ),
                (
                    item_ref: (439),
                    level: 1,
                    unfolded: true,
                    selected: false,
                ),
                (
                    item_ref: (440),
                    level: 1,
                    unfolded: true,
                    selected: false,
                ),
                (
                    item_ref: (426),
                    level: 1,
                    unfolded: true,
                    selected: false,
                ),
            ],
        ),
        displayed_items: {
            (380): Variable((
                variable_ref: (
                    path: (
                        strs: [
                            "cpl_engine_sim_wrapper",
                        ],
                        id: Wellen((2)),
                    ),
                    name: "pcie_cc_mfb_meta",
                    id: Wellen((12)),
                ),
                color: None,
                background_color: None,
                display_name: "pcie_cc_mfb_meta [255:0]",
                display_name_type: Unique,
                manual_name: None,
                format: None,
                field_formats: [],
                height_scaling_factor: None,
            )),
            (383): Variable((
                variable_ref: (
                    path: (
                        strs: [
                            "cpl_engine_sim_wrapper",
                        ],
                        id: Wellen((2)),
                    ),
                    name: "pcie_cc_mfb_src_rdy",
                    id: Wellen((17)),
                ),
                color: None,
                background_color: None,
                display_name: "pcie_cc_mfb_src_rdy",
                display_name_type: Unique,
                manual_name: None,
                format: None,
                field_formats: [],
                height_scaling_factor: None,
            )),
            (372): Variable((
                variable_ref: (
                    path: (
                        strs: [
                            "cpl_engine_sim_wrapper",
                        ],
                        id: Wellen((2)),
                    ),
                    name: "meta_ext_mfb_eof_pos",
                    id: Wellen((39)),
                ),
                color: None,
                background_color: None,
                display_name: "meta_ext_mfb_eof_pos [5:0]",
                display_name_type: Unique,
                manual_name: None,
                format: None,
                field_formats: [],
                height_scaling_factor: None,
            )),
            (377): Variable((
                variable_ref: (
                    path: (
                        strs: [
                            "cpl_engine_sim_wrapper",
                        ],
                        id: Wellen((2)),
                    ),
                    name: "pcie_cc_mfb_dst_rdy",
                    id: Wellen((18)),
                ),
                color: None,
                background_color: None,
                display_name: "pcie_cc_mfb_dst_rdy",
                display_name_type: Unique,
                manual_name: None,
                format: None,
                field_formats: [],
                height_scaling_factor: None,
            )),
            (373): Variable((
                variable_ref: (
                    path: (
                        strs: [
                            "cpl_engine_sim_wrapper",
                        ],
                        id: Wellen((2)),
                    ),
                    name: "meta_ext_mfb_sof",
                    id: Wellen((36)),
                ),
                color: None,
                background_color: None,
                display_name: "meta_ext_mfb_sof [1:0]",
                display_name_type: Unique,
                manual_name: None,
                format: None,
                field_formats: [],
                height_scaling_factor: None,
            )),
            (420): Variable((
                variable_ref: (
                    path: (
                        strs: [
                            "cpl_engine_sim_wrapper",
                            "pcie_hdr_byte_cnt",
                        ],
                        id: Wellen((8)),
                    ),
                    name: "[0]",
                    id: Wellen((50)),
                ),
                color: None,
                background_color: None,
                display_name: "…pcie_hdr_byte_cnt.[0] [12:0]",
                display_name_type: Unique,
                manual_name: None,
                format: None,
                field_formats: [],
                height_scaling_factor: None,
            )),
            (396): Variable((
                variable_ref: (
                    path: (
                        strs: [
                            "cpl_engine_sim_wrapper",
                        ],
                        id: Wellen((2)),
                    ),
                    name: "pcie_incr_wr_req",
                    id: Wellen((68)),
                ),
                color: None,
                background_color: None,
                display_name: "pcie_incr_wr_req [1:0]",
                display_name_type: Unique,
                manual_name: None,
                format: None,
                field_formats: [],
                height_scaling_factor: None,
            )),
            (400): Variable((
                variable_ref: (
                    path: (
                        strs: [
                            "cpl_engine_sim_wrapper",
                        ],
                        id: Wellen((2)),
                    ),
                    name: "rd_received_incr",
                    id: Wellen((24)),
                ),
                color: None,
                background_color: None,
                display_name: "rd_received_incr [1:0]",
                display_name_type: Unique,
                manual_name: None,
                format: None,
                field_formats: [],
                height_scaling_factor: None,
            )),
            (403): Variable((
                variable_ref: (
                    path: (
                        strs: [
                            "cpl_engine_sim_wrapper",
                        ],
                        id: Wellen((2)),
                    ),
                    name: "stat_upd_last_cq_entry",
                    id: Wellen((21)),
                ),
                color: None,
                background_color: None,
                display_name: "stat_upd_last_cq_entry [127:0]",
                display_name_type: Unique,
                manual_name: None,
                format: None,
                field_formats: [],
                height_scaling_factor: None,
            )),
            (434): Variable((
                variable_ref: (
                    path: (
                        strs: [
                            "cpl_engine_sim_wrapper",
                            "cqe_processor_i",
                        ],
                        id: Wellen((14396)),
                    ),
                    name: "data_buff_rd_data",
                    id: Wellen((22596)),
                ),
                color: None,
                background_color: None,
                display_name: "data_buff_rd_data [511:0]",
                display_name_type: Unique,
                manual_name: None,
                format: None,
                field_formats: [],
                height_scaling_factor: None,
            )),
            (444): Divider((
                color: None,
                background_color: None,
                name: None,
            )),
            (433): Variable((
                variable_ref: (
                    path: (
                        strs: [
                            "cpl_engine_sim_wrapper",
                            "cqe_processor_i",
                        ],
                        id: Wellen((14396)),
                    ),
                    name: "data_buff_rd_chan",
                    id: Wellen((22595)),
                ),
                color: None,
                background_color: None,
                display_name: "data_buff_rd_chan [0]",
                display_name_type: Unique,
                manual_name: None,
                format: None,
                field_formats: [],
                height_scaling_factor: None,
            )),
            (441): Variable((
                variable_ref: (
                    path: (
                        strs: [
                            "cpl_engine_sim_wrapper",
                            "cqe_processor_i",
                        ],
                        id: Wellen((14396)),
                    ),
                    name: "reset",
                    id: Wellen((22594)),
                ),
                color: None,
                background_color: None,
                display_name: "…cqe_processor_i.reset",
                display_name_type: Unique,
                manual_name: None,
                format: None,
                field_formats: [],
                height_scaling_factor: None,
            )),
            (371): Variable((
                variable_ref: (
                    path: (
                        strs: [
                            "cpl_engine_sim_wrapper",
                        ],
                        id: Wellen((2)),
                    ),
                    name: "meta_ext_mfb_eof",
                    id: Wellen((37)),
                ),
                color: None,
                background_color: None,
                display_name: "meta_ext_mfb_eof [1:0]",
                display_name_type: Unique,
                manual_name: None,
                format: None,
                field_formats: [],
                height_scaling_factor: None,
            )),
            (439): Variable((
                variable_ref: (
                    path: (
                        strs: [
                            "cpl_engine_sim_wrapper",
                            "cqe_processor_i",
                        ],
                        id: Wellen((14396)),
                    ),
                    name: "observed_phase_value_nst",
                    id: Wellen((22612)),
                ),
                color: None,
                background_color: None,
                display_name: "observed_phase_value_nst [0]",
                display_name_type: Unique,
                manual_name: None,
                format: None,
                field_formats: [],
                height_scaling_factor: None,
            )),
            (410): Divider((
                color: None,
                background_color: None,
                name: None,
            )),
            (358): Variable((
                variable_ref: (
                    path: (
                        strs: [
                            "cpl_engine_sim_wrapper",
                        ],
                        id: Wellen((2)),
                    ),
                    name: "buff_en_b",
                    id: Wellen((65)),
                ),
                color: None,
                background_color: None,
                display_name: "buff_en_b",
                display_name_type: Unique,
                manual_name: None,
                format: None,
                field_formats: [],
                height_scaling_factor: None,
            )),
            (359): Variable((
                variable_ref: (
                    path: (
                        strs: [
                            "cpl_engine_sim_wrapper",
                        ],
                        id: Wellen((2)),
                    ),
                    name: "clk",
                    id: Wellen((1)),
                ),
                color: None,
                background_color: None,
                display_name: "cpl_engine_sim_wrapper.clk",
                display_name_type: Unique,
                manual_name: None,
                format: None,
                field_formats: [],
                height_scaling_factor: None,
            )),
            (423): Variable((
                variable_ref: (
                    path: (
                        strs: [
                            "cpl_engine_sim_wrapper",
                            "pcie_hdr_data_raw",
                        ],
                        id: Wellen((6)),
                    ),
                    name: "[1]",
                    id: Wellen((45)),
                ),
                color: None,
                background_color: None,
                display_name: "…pcie_hdr_data_raw.[1] [127:0]",
                display_name_type: Unique,
                manual_name: None,
                format: None,
                field_formats: [],
                height_scaling_factor: None,
            )),
            (421): Variable((
                variable_ref: (
                    path: (
                        strs: [
                            "cpl_engine_sim_wrapper",
                            "pcie_hdr_byte_cnt",
                        ],
                        id: Wellen((8)),
                    ),
                    name: "[1]",
                    id: Wellen((49)),
                ),
                color: None,
                background_color: None,
                display_name: "…pcie_hdr_byte_cnt.[1] [12:0]",
                display_name_type: Unique,
                manual_name: None,
                format: None,
                field_formats: [],
                height_scaling_factor: None,
            )),
            (443): Variable((
                variable_ref: (
                    path: (
                        strs: [
                            "cpl_engine_sim_wrapper",
                            "cqe_processor_i",
                        ],
                        id: Wellen((14396)),
                    ),
                    name: "status_upd_en",
                    id: Wellen((22604)),
                ),
                color: None,
                background_color: None,
                display_name: "status_upd_en",
                display_name_type: Unique,
                manual_name: None,
                format: None,
                field_formats: [],
                height_scaling_factor: None,
            )),
            (379): Variable((
                variable_ref: (
                    path: (
                        strs: [
                            "cpl_engine_sim_wrapper",
                        ],
                        id: Wellen((2)),
                    ),
                    name: "pcie_cc_mfb_eof_pos",
                    id: Wellen((16)),
                ),
                color: None,
                background_color: None,
                display_name: "pcie_cc_mfb_eof_pos [5:0]",
                display_name_type: Unique,
                manual_name: None,
                format: None,
                field_formats: [],
                height_scaling_factor: None,
            )),
            (401): Variable((
                variable_ref: (
                    path: (
                        strs: [
                            "cpl_engine_sim_wrapper",
                        ],
                        id: Wellen((2)),
                    ),
                    name: "reset",
                    id: Wellen((2)),
                ),
                color: None,
                background_color: None,
                display_name: "cpl_engine_sim_wrapper.reset",
                display_name_type: Unique,
                manual_name: None,
                format: None,
                field_formats: [],
                height_scaling_factor: None,
            )),
            (387): Variable((
                variable_ref: (
                    path: (
                        strs: [
                            "cpl_engine_sim_wrapper",
                        ],
                        id: Wellen((2)),
                    ),
                    name: "pcie_cq_mfb_eof_pos",
                    id: Wellen((8)),
                ),
                color: None,
                background_color: None,
                display_name: "pcie_cq_mfb_eof_pos [5:0]",
                display_name_type: Unique,
                manual_name: None,
                format: None,
                field_formats: [],
                height_scaling_factor: None,
            )),
            (376): Variable((
                variable_ref: (
                    path: (
                        strs: [
                            "cpl_engine_sim_wrapper",
                        ],
                        id: Wellen((2)),
                    ),
                    name: "pcie_cc_mfb_data",
                    id: Wellen((11)),
                ),
                color: None,
                background_color: None,
                display_name: "pcie_cc_mfb_data [511:0]",
                display_name_type: Unique,
                manual_name: None,
                format: None,
                field_formats: [],
                height_scaling_factor: None,
            )),
            (360): Variable((
                variable_ref: (
                    path: (
                        strs: [
                            "cpl_engine_sim_wrapper",
                        ],
                        id: Wellen((2)),
                    ),
                    name: "cp_buff_chan",
                    id: Wellen((42)),
                ),
                color: None,
                background_color: None,
                display_name: "cp_buff_chan [1:0]",
                display_name_type: Unique,
                manual_name: None,
                format: None,
                field_formats: [],
                height_scaling_factor: None,
            )),
            (416): Variable((
                variable_ref: (
                    path: (
                        strs: [
                            "cpl_engine_sim_wrapper",
                            "pcie_hdr_addr",
                        ],
                        id: Wellen((5)),
                    ),
                    name: "[0]",
                    id: Wellen((44)),
                ),
                color: None,
                background_color: None,
                display_name: "…pcie_hdr_addr.[0] [63:0]",
                display_name_type: Unique,
                manual_name: None,
                format: None,
                field_formats: [],
                height_scaling_factor: None,
            )),
            (386): Variable((
                variable_ref: (
                    path: (
                        strs: [
                            "cpl_engine_sim_wrapper",
                        ],
                        id: Wellen((2)),
                    ),
                    name: "pcie_cq_mfb_eof",
                    id: Wellen((6)),
                ),
                color: None,
                background_color: None,
                display_name: "pcie_cq_mfb_eof [1:0]",
                display_name_type: Unique,
                manual_name: None,
                format: Some("Binary"),
                field_formats: [],
                height_scaling_factor: None,
            )),
            (399): Variable((
                variable_ref: (
                    path: (
                        strs: [
                            "cpl_engine_sim_wrapper",
                        ],
                        id: Wellen((2)),
                    ),
                    name: "rd_received_bytes",
                    id: Wellen((23)),
                ),
                color: None,
                background_color: None,
                display_name: "rd_received_bytes [12:0]",
                display_name_type: Unique,
                manual_name: None,
                format: None,
                field_formats: [],
                height_scaling_factor: None,
            )),
            (407): Variable((
                variable_ref: (
                    path: (
                        strs: [
                            "cpl_engine_sim_wrapper",
                        ],
                        id: Wellen((2)),
                    ),
                    name: "wr_received_incr",
                    id: Wellen((26)),
                ),
                color: None,
                background_color: None,
                display_name: "wr_received_incr [1:0]",
                display_name_type: Unique,
                manual_name: None,
                format: None,
                field_formats: [],
                height_scaling_factor: None,
            )),
            (406): Variable((
                variable_ref: (
                    path: (
                        strs: [
                            "cpl_engine_sim_wrapper",
                        ],
                        id: Wellen((2)),
                    ),
                    name: "wr_received_bytes",
                    id: Wellen((25)),
                ),
                color: None,
                background_color: None,
                display_name: "wr_received_bytes [12:0]",
                display_name_type: Unique,
                manual_name: None,
                format: None,
                field_formats: [],
                height_scaling_factor: None,
            )),
            (375): Variable((
                variable_ref: (
                    path: (
                        strs: [
                            "cpl_engine_sim_wrapper",
                        ],
                        id: Wellen((2)),
                    ),
                    name: "meta_ext_mfb_src_rdy",
                    id: Wellen((40)),
                ),
                color: None,
                background_color: None,
                display_name: "meta_ext_mfb_src_rdy",
                display_name_type: Unique,
                manual_name: None,
                format: None,
                field_formats: [],
                height_scaling_factor: None,
            )),
            (390): Variable((
                variable_ref: (
                    path: (
                        strs: [
                            "cpl_engine_sim_wrapper",
                        ],
                        id: Wellen((2)),
                    ),
                    name: "pcie_cq_mfb_sof_pos",
                    id: Wellen((7)),
                ),
                color: None,
                background_color: None,
                display_name: "pcie_cq_mfb_sof_pos [1:0]",
                display_name_type: Unique,
                manual_name: None,
                format: None,
                field_formats: [],
                height_scaling_factor: None,
            )),
            (436): Variable((
                variable_ref: (
                    path: (
                        strs: [
                            "cpl_engine_sim_wrapper",
                            "cqe_processor_i",
                        ],
                        id: Wellen((14396)),
                    ),
                    name: "data_buff_rd_en",
                    id: Wellen((22598)),
                ),
                color: None,
                background_color: None,
                display_name: "data_buff_rd_en",
                display_name_type: Unique,
                manual_name: None,
                format: None,
                field_formats: [],
                height_scaling_factor: None,
            )),
            (381): Variable((
                variable_ref: (
                    path: (
                        strs: [
                            "cpl_engine_sim_wrapper",
                        ],
                        id: Wellen((2)),
                    ),
                    name: "pcie_cc_mfb_sof",
                    id: Wellen((13)),
                ),
                color: None,
                background_color: None,
                display_name: "pcie_cc_mfb_sof [1:0]",
                display_name_type: Unique,
                manual_name: None,
                format: None,
                field_formats: [],
                height_scaling_factor: None,
            )),
            (427): Group((
                name: "Group",
                color: None,
                background_color: None,
                content: [],
                is_open: false,
            )),
            (356): Variable((
                variable_ref: (
                    path: (
                        strs: [
                            "cpl_engine_sim_wrapper",
                        ],
                        id: Wellen((2)),
                    ),
                    name: "buff_data_b",
                    id: Wellen((63)),
                ),
                color: None,
                background_color: None,
                display_name: "buff_data_b [511:0]",
                display_name_type: Unique,
                manual_name: None,
                format: None,
                field_formats: [],
                height_scaling_factor: None,
            )),
            (384): Variable((
                variable_ref: (
                    path: (
                        strs: [
                            "cpl_engine_sim_wrapper",
                        ],
                        id: Wellen((2)),
                    ),
                    name: "pcie_cq_mfb_data",
                    id: Wellen((3)),
                ),
                color: None,
                background_color: None,
                display_name: "pcie_cq_mfb_data [511:0]",
                display_name_type: Unique,
                manual_name: None,
                format: None,
                field_formats: [],
                height_scaling_factor: None,
            )),
            (404): Variable((
                variable_ref: (
                    path: (
                        strs: [
                            "cpl_engine_sim_wrapper",
                        ],
                        id: Wellen((2)),
                    ),
                    name: "stat_upd_sqhdbl",
                    id: Wellen((19)),
                ),
                color: None,
                background_color: None,
                display_name: "stat_upd_sqhdbl [15:0]",
                display_name_type: Unique,
                manual_name: None,
                format: None,
                field_formats: [],
                height_scaling_factor: None,
            )),
            (354): Variable((
                variable_ref: (
                    path: (
                        strs: [
                            "cpl_engine_sim_wrapper",
                        ],
                        id: Wellen((2)),
                    ),
                    name: "buff_addr_b",
                    id: Wellen((64)),
                ),
                color: None,
                background_color: None,
                display_name: "buff_addr_b [16:0]",
                display_name_type: Unique,
                manual_name: None,
                format: None,
                field_formats: [],
                height_scaling_factor: None,
            )),
            (437): Variable((
                variable_ref: (
                    path: (
                        strs: [
                            "cpl_engine_sim_wrapper",
                            "cqe_processor_i",
                        ],
                        id: Wellen((14396)),
                    ),
                    name: "dbl_mask",
                    id: Wellen((22600)),
                ),
                color: None,
                background_color: None,
                display_name: "…cqe_processor_i.dbl_mask [15:0]",
                display_name_type: Unique,
                manual_name: None,
                format: None,
                field_formats: [],
                height_scaling_factor: None,
            )),
            (370): Variable((
                variable_ref: (
                    path: (
                        strs: [
                            "cpl_engine_sim_wrapper",
                        ],
                        id: Wellen((2)),
                    ),
                    name: "meta_ext_mfb_dst_rdy",
                    id: Wellen((41)),
                ),
                color: None,
                background_color: None,
                display_name: "meta_ext_mfb_dst_rdy",
                display_name_type: Unique,
                manual_name: None,
                format: None,
                field_formats: [],
                height_scaling_factor: None,
            )),
            (385): Variable((
                variable_ref: (
                    path: (
                        strs: [
                            "cpl_engine_sim_wrapper",
                        ],
                        id: Wellen((2)),
                    ),
                    name: "pcie_cq_mfb_dst_rdy",
                    id: Wellen((10)),
                ),
                color: None,
                background_color: None,
                display_name: "pcie_cq_mfb_dst_rdy",
                display_name_type: Unique,
                manual_name: None,
                format: None,
                field_formats: [],
                height_scaling_factor: None,
            )),
            (419): Variable((
                variable_ref: (
                    path: (
                        strs: [
                            "cpl_engine_sim_wrapper",
                            "pcie_hdr_bar_id",
                        ],
                        id: Wellen((7)),
                    ),
                    name: "[1]",
                    id: Wellen((47)),
                ),
                color: None,
                background_color: None,
                display_name: "…pcie_hdr_bar_id.[1] [2:0]",
                display_name_type: Unique,
                manual_name: None,
                format: None,
                field_formats: [],
                height_scaling_factor: None,
            )),
            (368): Variable((
                variable_ref: (
                    path: (
                        strs: [
                            "cpl_engine_sim_wrapper",
                        ],
                        id: Wellen((2)),
                    ),
                    name: "last_read_addr",
                    id: Wellen((28)),
                ),
                color: None,
                background_color: None,
                display_name: "last_read_addr [63:0]",
                display_name_type: Unique,
                manual_name: None,
                format: None,
                field_formats: [],
                height_scaling_factor: None,
            )),
            (431): Variable((
                variable_ref: (
                    path: (
                        strs: [
                            "cpl_engine_sim_wrapper",
                            "cqe_processor_i",
                        ],
                        id: Wellen((14396)),
                    ),
                    name: "cqhdbl_upd_data",
                    id: Wellen((22602)),
                ),
                color: None,
                background_color: None,
                display_name: "cqhdbl_upd_data [15:0]",
                display_name_type: Unique,
                manual_name: None,
                format: None,
                field_formats: [],
                height_scaling_factor: None,
            )),
            (426): Divider((
                color: None,
                background_color: None,
                name: None,
            )),
            (428): Variable((
                variable_ref: (
                    path: (
                        strs: [
                            "cpl_engine_sim_wrapper",
                            "cqe_processor_i",
                        ],
                        id: Wellen((14396)),
                    ),
                    name: "clk",
                    id: Wellen((22593)),
                ),
                color: None,
                background_color: None,
                display_name: "…cqe_processor_i.clk",
                display_name_type: Unique,
                manual_name: None,
                format: None,
                field_formats: [],
                height_scaling_factor: None,
            )),
            (378): Variable((
                variable_ref: (
                    path: (
                        strs: [
                            "cpl_engine_sim_wrapper",
                        ],
                        id: Wellen((2)),
                    ),
                    name: "pcie_cc_mfb_eof",
                    id: Wellen((14)),
                ),
                color: None,
                background_color: None,
                display_name: "pcie_cc_mfb_eof [1:0]",
                display_name_type: Unique,
                manual_name: None,
                format: None,
                field_formats: [],
                height_scaling_factor: None,
            )),
            (442): Variable((
                variable_ref: (
                    path: (
                        strs: [
                            "cpl_engine_sim_wrapper",
                            "cqe_processor_i",
                        ],
                        id: Wellen((14396)),
                    ),
                    name: "sqhdbl_upd_data",
                    id: Wellen((22601)),
                ),
                color: None,
                background_color: None,
                display_name: "sqhdbl_upd_data [15:0]",
                display_name_type: Unique,
                manual_name: None,
                format: None,
                field_formats: [],
                height_scaling_factor: None,
            )),
            (355): Variable((
                variable_ref: (
                    path: (
                        strs: [
                            "cpl_engine_sim_wrapper",
                        ],
                        id: Wellen((2)),
                    ),
                    name: "buff_chan_b",
                    id: Wellen((62)),
                ),
                color: None,
                background_color: None,
                display_name: "buff_chan_b [0]",
                display_name_type: Unique,
                manual_name: None,
                format: None,
                field_formats: [],
                height_scaling_factor: None,
            )),
            (369): Variable((
                variable_ref: (
                    path: (
                        strs: [
                            "cpl_engine_sim_wrapper",
                        ],
                        id: Wellen((2)),
                    ),
                    name: "meta_ext_mfb_data",
                    id: Wellen((31)),
                ),
                color: None,
                background_color: None,
                display_name: "meta_ext_mfb_data [511:0]",
                display_name_type: Unique,
                manual_name: None,
                format: None,
                field_formats: [],
                height_scaling_factor: None,
            )),
            (357): Variable((
                variable_ref: (
                    path: (
                        strs: [
                            "cpl_engine_sim_wrapper",
                        ],
                        id: Wellen((2)),
                    ),
                    name: "buff_data_vld_b",
                    id: Wellen((66)),
                ),
                color: None,
                background_color: None,
                display_name: "buff_data_vld_b",
                display_name_type: Unique,
                manual_name: None,
                format: None,
                field_formats: [],
                height_scaling_factor: None,
            )),
            (382): Variable((
                variable_ref: (
                    path: (
                        strs: [
                            "cpl_engine_sim_wrapper",
                        ],
                        id: Wellen((2)),
                    ),
                    name: "pcie_cc_mfb_sof_pos",
                    id: Wellen((15)),
                ),
                color: None,
                background_color: None,
                display_name: "pcie_cc_mfb_sof_pos [1:0]",
                display_name_type: Unique,
                manual_name: None,
                format: None,
                field_formats: [],
                height_scaling_factor: None,
            )),
            (429): Variable((
                variable_ref: (
                    path: (
                        strs: [
                            "cpl_engine_sim_wrapper",
                            "cqe_processor_i",
                        ],
                        id: Wellen((14396)),
                    ),
                    name: "cqhdbl_nst",
                    id: Wellen((22606)),
                ),
                color: None,
                background_color: None,
                display_name: "cqhdbl_nst [15:0]",
                display_name_type: Unique,
                manual_name: None,
                format: None,
                field_formats: [],
                height_scaling_factor: None,
            )),
            (394): Variable((
                variable_ref: (
                    path: (
                        strs: [
                            "cpl_engine_sim_wrapper",
                        ],
                        id: Wellen((2)),
                    ),
                    name: "pcie_hdr_vld",
                    id: Wellen((51)),
                ),
                color: None,
                background_color: None,
                display_name: "pcie_hdr_vld [1:0]",
                display_name_type: Unique,
                manual_name: None,
                format: Some("Binary"),
                field_formats: [],
                height_scaling_factor: None,
            )),
            (418): Variable((
                variable_ref: (
                    path: (
                        strs: [
                            "cpl_engine_sim_wrapper",
                            "pcie_hdr_bar_id",
                        ],
                        id: Wellen((7)),
                    ),
                    name: "[0]",
                    id: Wellen((48)),
                ),
                color: None,
                background_color: None,
                display_name: "…pcie_hdr_bar_id.[0] [2:0]",
                display_name_type: Unique,
                manual_name: None,
                format: None,
                field_formats: [],
                height_scaling_factor: None,
            )),
            (425): Group((
                name: "Internals",
                color: None,
                background_color: None,
                content: [],
                is_open: false,
            )),
            (389): Variable((
                variable_ref: (
                    path: (
                        strs: [
                            "cpl_engine_sim_wrapper",
                        ],
                        id: Wellen((2)),
                    ),
                    name: "pcie_cq_mfb_sof",
                    id: Wellen((5)),
                ),
                color: None,
                background_color: None,
                display_name: "pcie_cq_mfb_sof [1:0]",
                display_name_type: Unique,
                manual_name: None,
                format: Some("Binary"),
                field_formats: [],
                height_scaling_factor: None,
            )),
            (409): Divider((
                color: None,
                background_color: None,
                name: None,
            )),
            (430): Variable((
                variable_ref: (
                    path: (
                        strs: [
                            "cpl_engine_sim_wrapper",
                            "cqe_processor_i",
                        ],
                        id: Wellen((14396)),
                    ),
                    name: "cqhdbl_pst",
                    id: Wellen((22605)),
                ),
                color: None,
                background_color: None,
                display_name: "cqhdbl_pst [15:0]",
                display_name_type: Unique,
                manual_name: None,
                format: None,
                field_formats: [],
                height_scaling_factor: None,
            )),
            (438): Variable((
                variable_ref: (
                    path: (
                        strs: [
                            "cpl_engine_sim_wrapper",
                            "cqe_processor_i",
                        ],
                        id: Wellen((14396)),
                    ),
                    name: "last_cq_entry",
                    id: Wellen((22603)),
                ),
                color: None,
                background_color: None,
                display_name: "last_cq_entry [127:0]",
                display_name_type: Unique,
                manual_name: None,
                format: None,
                field_formats: [],
                height_scaling_factor: None,
            )),
            (411): Divider((
                color: None,
                background_color: None,
                name: None,
            )),
            (393): Variable((
                variable_ref: (
                    path: (
                        strs: [
                            "cpl_engine_sim_wrapper",
                        ],
                        id: Wellen((2)),
                    ),
                    name: "pcie_hdr_src_rdy",
                    id: Wellen((53)),
                ),
                color: None,
                background_color: None,
                display_name: "pcie_hdr_src_rdy",
                display_name_type: Unique,
                manual_name: None,
                format: None,
                field_formats: [],
                height_scaling_factor: None,
            )),
            (395): Variable((
                variable_ref: (
                    path: (
                        strs: [
                            "cpl_engine_sim_wrapper",
                        ],
                        id: Wellen((2)),
                    ),
                    name: "pcie_incr_rd_req",
                    id: Wellen((67)),
                ),
                color: None,
                background_color: None,
                display_name: "pcie_incr_rd_req [1:0]",
                display_name_type: Unique,
                manual_name: None,
                format: None,
                field_formats: [],
                height_scaling_factor: None,
            )),
            (417): Variable((
                variable_ref: (
                    path: (
                        strs: [
                            "cpl_engine_sim_wrapper",
                            "pcie_hdr_addr",
                        ],
                        id: Wellen((5)),
                    ),
                    name: "[1]",
                    id: Wellen((43)),
                ),
                color: None,
                background_color: None,
                display_name: "…pcie_hdr_addr.[1] [63:0]",
                display_name_type: Unique,
                manual_name: None,
                format: None,
                field_formats: [],
                height_scaling_factor: None,
            )),
            (402): Variable((
                variable_ref: (
                    path: (
                        strs: [
                            "cpl_engine_sim_wrapper",
                        ],
                        id: Wellen((2)),
                    ),
                    name: "stat_upd_cqhdbl",
                    id: Wellen((20)),
                ),
                color: None,
                background_color: None,
                display_name: "stat_upd_cqhdbl [15:0]",
                display_name_type: Unique,
                manual_name: None,
                format: None,
                field_formats: [],
                height_scaling_factor: None,
            )),
            (445): Divider((
                color: None,
                background_color: None,
                name: None,
            )),
            (435): Variable((
                variable_ref: (
                    path: (
                        strs: [
                            "cpl_engine_sim_wrapper",
                            "cqe_processor_i",
                        ],
                        id: Wellen((14396)),
                    ),
                    name: "data_buff_rd_data_vld",
                    id: Wellen((22599)),
                ),
                color: None,
                background_color: None,
                display_name: "data_buff_rd_data_vld",
                display_name_type: Unique,
                manual_name: None,
                format: None,
                field_formats: [],
                height_scaling_factor: None,
            )),
            (362): Variable((
                variable_ref: (
                    path: (
                        strs: [
                            "cpl_engine_sim_wrapper",
                        ],
                        id: Wellen((2)),
                    ),
                    name: "dbl_mask",
                    id: Wellen((30)),
                ),
                color: None,
                background_color: None,
                display_name: "cpl_engine_sim_wrapper.dbl_mask [15:0]",
                display_name_type: Unique,
                manual_name: None,
                format: None,
                field_formats: [],
                height_scaling_factor: None,
            )),
            (388): Variable((
                variable_ref: (
                    path: (
                        strs: [
                            "cpl_engine_sim_wrapper",
                        ],
                        id: Wellen((2)),
                    ),
                    name: "pcie_cq_mfb_meta",
                    id: Wellen((4)),
                ),
                color: None,
                background_color: None,
                display_name: "pcie_cq_mfb_meta [363:0]",
                display_name_type: Unique,
                manual_name: None,
                format: None,
                field_formats: [],
                height_scaling_factor: None,
            )),
            (398): Variable((
                variable_ref: (
                    path: (
                        strs: [
                            "cpl_engine_sim_wrapper",
                        ],
                        id: Wellen((2)),
                    ),
                    name: "rd_processed_incr",
                    id: Wellen((29)),
                ),
                color: None,
                background_color: None,
                display_name: "rd_processed_incr",
                display_name_type: Unique,
                manual_name: None,
                format: None,
                field_formats: [],
                height_scaling_factor: None,
            )),
            (392): Variable((
                variable_ref: (
                    path: (
                        strs: [
                            "cpl_engine_sim_wrapper",
                        ],
                        id: Wellen((2)),
                    ),
                    name: "pcie_hdr_dst_rdy",
                    id: Wellen((54)),
                ),
                color: None,
                background_color: None,
                display_name: "pcie_hdr_dst_rdy",
                display_name_type: Unique,
                manual_name: None,
                format: None,
                field_formats: [],
                height_scaling_factor: None,
            )),
            (446): Divider((
                color: None,
                background_color: None,
                name: None,
            )),
            (414): Divider((
                color: None,
                background_color: None,
                name: None,
            )),
            (440): Variable((
                variable_ref: (
                    path: (
                        strs: [
                            "cpl_engine_sim_wrapper",
                            "cqe_processor_i",
                        ],
                        id: Wellen((14396)),
                    ),
                    name: "observed_phase_value_reg",
                    id: Wellen((22611)),
                ),
                color: None,
                background_color: None,
                display_name: "observed_phase_value_reg [0]",
                display_name_type: Unique,
                manual_name: None,
                format: None,
                field_formats: [],
                height_scaling_factor: None,
            )),
            (422): Variable((
                variable_ref: (
                    path: (
                        strs: [
                            "cpl_engine_sim_wrapper",
                            "pcie_hdr_data_raw",
                        ],
                        id: Wellen((6)),
                    ),
                    name: "[0]",
                    id: Wellen((46)),
                ),
                color: None,
                background_color: None,
                display_name: "…pcie_hdr_data_raw.[0] [127:0]",
                display_name_type: Unique,
                manual_name: None,
                format: None,
                field_formats: [],
                height_scaling_factor: None,
            )),
            (405): Variable((
                variable_ref: (
                    path: (
                        strs: [
                            "cpl_engine_sim_wrapper",
                        ],
                        id: Wellen((2)),
                    ),
                    name: "stat_upd_vld",
                    id: Wellen((22)),
                ),
                color: None,
                background_color: None,
                display_name: "stat_upd_vld",
                display_name_type: Unique,
                manual_name: None,
                format: None,
                field_formats: [],
                height_scaling_factor: None,
            )),
            (391): Variable((
                variable_ref: (
                    path: (
                        strs: [
                            "cpl_engine_sim_wrapper",
                        ],
                        id: Wellen((2)),
                    ),
                    name: "pcie_cq_mfb_src_rdy",
                    id: Wellen((9)),
                ),
                color: None,
                background_color: None,
                display_name: "pcie_cq_mfb_src_rdy",
                display_name_type: Unique,
                manual_name: None,
                format: None,
                field_formats: [],
                height_scaling_factor: None,
            )),
            (374): Variable((
                variable_ref: (
                    path: (
                        strs: [
                            "cpl_engine_sim_wrapper",
                        ],
                        id: Wellen((2)),
                    ),
                    name: "meta_ext_mfb_sof_pos",
                    id: Wellen((38)),
                ),
                color: None,
                background_color: None,
                display_name: "meta_ext_mfb_sof_pos [1:0]",
                display_name_type: Unique,
                manual_name: None,
                format: None,
                field_formats: [],
                height_scaling_factor: None,
            )),
            (413): Divider((
                color: None,
                background_color: None,
                name: None,
            )),
            (415): Divider((
                color: None,
                background_color: None,
                name: None,
            )),
            (397): Variable((
                variable_ref: (
                    path: (
                        strs: [
                            "cpl_engine_sim_wrapper",
                        ],
                        id: Wellen((2)),
                    ),
                    name: "rd_processed_bytes",
                    id: Wellen((27)),
                ),
                color: None,
                background_color: None,
                display_name: "rd_processed_bytes [12:0]",
                display_name_type: Unique,
                manual_name: None,
                format: None,
                field_formats: [],
                height_scaling_factor: None,
            )),
            (432): Variable((
                variable_ref: (
                    path: (
                        strs: [
                            "cpl_engine_sim_wrapper",
                            "cqe_processor_i",
                        ],
                        id: Wellen((14396)),
                    ),
                    name: "data_buff_rd_addr",
                    id: Wellen((22597)),
                ),
                color: None,
                background_color: None,
                display_name: "data_buff_rd_addr [16:0]",
                display_name_type: Unique,
                manual_name: None,
                format: None,
                field_formats: [],
                height_scaling_factor: None,
            )),
            (361): Variable((
                variable_ref: (
                    path: (
                        strs: [
                            "cpl_engine_sim_wrapper",
                        ],
                        id: Wellen((2)),
                    ),
                    name: "cq_pcie_hdr_vld",
                    id: Wellen((52)),
                ),
                color: None,
                background_color: None,
                display_name: "cq_pcie_hdr_vld [1:0]",
                display_name_type: Unique,
                manual_name: None,
                format: None,
                field_formats: [],
                height_scaling_factor: None,
            )),
        },
        display_item_ref_counter: 446,
        viewports: [
            (
                curr_left: (0.999658858078385),
                curr_right: (1.0000852854804037),
                target_left: (-41652627.8),
                target_right: (1.2),
                move_start_left: (-41652627.8),
                move_start_right: (1.2),
                move_duration: None,
                move_strategy: Instant,
            ),
        ],
        cursor: Some((1, [
            1611261251,
            64,
        ])),
        markers: {},
        focused_item: Some((51)),
        focused_transaction: (None, None),
        default_variable_name_type: Unique,
        scroll_offset: 129.0,
        display_variable_indices: true,
        graphics: {},
    )),
    drag_started: false,
    drag_source_idx: None,
    drag_target_idx: None,
    previous_waves: None,
    count: None,
    blacklisted_translators: [],
    show_about: false,
    show_keys: false,
    show_gestures: false,
    show_quick_start: false,
    show_license: false,
    show_performance: false,
    show_logs: false,
    show_cursor_window: false,
    wanted_timeunit: FemtoSeconds,
    time_string_format: None,
    show_url_entry: false,
    variable_name_filter_focused: false,
    variable_filter: (
        name_filter_type: Contain,
        name_filter_str: "",
        name_filter_case_insensitive: true,
        include_inputs: true,
        include_outputs: true,
        include_inouts: true,
        include_others: true,
        group_by_direction: false,
    ),
    sidepanel_width: Some(300.0),
    ui_zoom_factor: None,
    animation_enabled: None,
)